
> angular@0.0.0 start
> ng serve --host 0.0.0.0  --no-hmr --disable-host-check --port 3000

Warning: Running a server with --disable-host-check is a security risk. See https://medium.com/webpack/webpack-dev-server-middleware-security-issues-1489d950874a for more information.
The "disableHostCheck" option will not be used because it is not supported by the "@angular-devkit/build-angular:application" builder.
❯ Building...
✔ Building...
Browser bundles     
Initial chunk files  | Names            |  Raw size
polyfills.js         | polyfills        |  90.20 kB | 
main.js              | main             |  56.22 kB | 
styles.css           | styles           |   1.68 kB | 

                     | Initial total    | 148.10 kB


Server bundles      
Initial chunk files  | Names            |  Raw size
polyfills.server.mjs | polyfills.server | 572.91 kB | 
chunk-DV3LVS7C.mjs   | -                |  56.66 kB | 
server.mjs           | server           |   1.39 kB | 
main.server.mjs      | main.server      | 800 bytes | 

Application bundle generation complete. [3.120 seconds]

Watch mode enabled. Watching for file changes...
NOTE: Raw file sizes do not reflect development server per-request transformations.
  ➜  Local:   http://localhost:3000/
  ➜  Network: http://172.17.0.2:3000/
❯ Changes detected. Rebuilding...
✔ Changes detected. Rebuilding...
Application bundle generation failed. [0.723 seconds]

✘ [ERROR] TS2554: Expected 0-1 arguments, but got 2. [plugin angular-compiler]

    src/app/app.component.ts:150:47:
      150 │         this.onDashboardActionClick(undefined, sel);
          ╵                                                ~~~


❯ Changes detected. Rebuilding...
✔ Changes detected. Rebuilding...
Application bundle generation failed. [0.685 seconds]

✘ [ERROR] TS2554: Expected 0-1 arguments, but got 2. [plugin angular-compiler]

    src/app/app.component.ts:150:47:
      150 │         this.onDashboardActionClick(undefined, sel);
          ╵                                                ~~~


❯ Changes detected. Rebuilding...
✔ Changes detected. Rebuilding...
Browser bundles     
Initial chunk files  | Names            |  Raw size
polyfills.js         | polyfills        |  90.20 kB | 
main.js              | main             |  47.91 kB | 
styles.css           | styles           |   1.68 kB | 

                     | Initial total    | 139.79 kB


Server bundles      
Initial chunk files  | Names            |  Raw size
polyfills.server.mjs | polyfills.server | 572.91 kB | 
chunk-TQQ3M7PC.mjs   | -                |  48.35 kB | 
server.mjs           | server           |   1.39 kB | 
main.server.mjs      | main.server      | 800 bytes | 

Application bundle generation complete. [0.530 seconds]

Page reload sent to client(s).
❯ Changes detected. Rebuilding...
✔ Changes detected. Rebuilding...
Browser bundles    
Initial chunk files | Names       |  Raw size
main.js             | main        |  47.91 kB | 


Server bundles     
Initial chunk files | Names       |  Raw size
chunk-XN54E4FQ.mjs  | -           |  48.34 kB | 
server.mjs          | server      |   1.39 kB | 
main.server.mjs     | main.server | 800 bytes | 

Application bundle generation complete. [0.451 seconds]

Page reload sent to client(s).
❯ Changes detected. Rebuilding...
✔ Changes detected. Rebuilding...
Application bundle generation failed. [0.358 seconds]

✘ [ERROR] TS2345: Argument of type 'typeof AppComponent' is not assignable to parameter of type '() => Promise<ApplicationRef>'.
  Type 'typeof AppComponent' provides no match for the signature '(): Promise<ApplicationRef>'. [plugin angular-compiler]

    src/main.server.ts:10:20:
      10 │   renderApplication(AppComponent, {
         ╵                     ~~~~~~~~~~~~


✘ [ERROR] TS2339: Property 'document' does not exist on type '{ url: string; }'. [plugin angular-compiler]

    src/main.server.ts:12:22:
      12 │     document: options.document,
         ╵                       ~~~~~~~~


✘ [ERROR] TS2322: Type '(options: { url: string; }) => Promise<string>' is not assignable to type 'Type<{}> | (() => Promise<ApplicationRef>) | undefined'.
  Type '(options: { url: string; }) => Promise<string>' is not assignable to type '() => Promise<ApplicationRef>'.
    Target signature provides too few arguments. Expected 1 or more, but got 0. [plugin angular-compiler]

    src/server.ts:46:6:
      46 │       bootstrap,
         ╵       ~~~~~~~~~

  The expected type comes from property 'bootstrap' which is declared here on type 'CommonEngineRenderOptions'

    node_modules/@angular/ssr/node/index.d.ts:70:4:
      70 │     bootstrap?: Type<{}> | (() => Promise<ApplicationRef>);
         ╵     ~~~~~~~~~


❯ Changes detected. Rebuilding...
✔ Changes detected. Rebuilding...
Application bundle generation failed. [0.253 seconds]

✘ [ERROR] TS2345: Argument of type 'typeof AppComponent' is not assignable to parameter of type '() => Promise<ApplicationRef>'.
  Type 'typeof AppComponent' provides no match for the signature '(): Promise<ApplicationRef>'. [plugin angular-compiler]

    src/main.server.ts:10:20:
      10 │   renderApplication(AppComponent, {
         ╵                     ~~~~~~~~~~~~


✘ [ERROR] TS2339: Property 'document' does not exist on type '{ url: string; }'. [plugin angular-compiler]

    src/main.server.ts:12:22:
      12 │     document: options.document,
         ╵                       ~~~~~~~~


✘ [ERROR] TS2353: Object literal may only specify known properties, and 'document' does not exist in type '{ url: string; }'. [plugin angular-compiler]

    src/server.ts:33:6:
      33 │       document,
         ╵       ~~~~~~~~


❯ Changes detected. Rebuilding...
✔ Changes detected. Rebuilding...
Application bundle generation failed. [0.117 seconds]

✘ [ERROR] TS2345: Argument of type 'typeof AppComponent' is not assignable to parameter of type '() => Promise<ApplicationRef>'.
  Type 'typeof AppComponent' provides no match for the signature '(): Promise<ApplicationRef>'. [plugin angular-compiler]

    src/main.server.ts:10:20:
      10 │   renderApplication(AppComponent, {
         ╵                     ~~~~~~~~~~~~


✘ [ERROR] TS2353: Object literal may only specify known properties, and 'document' does not exist in type '{ url: string; }'. [plugin angular-compiler]

    src/server.ts:33:6:
      33 │       document,
         ╵       ~~~~~~~~


❯ Changes detected. Rebuilding...
✔ Changes detected. Rebuilding...
Application bundle generation failed. [0.201 seconds]

✘ [ERROR] TS2345: Argument of type 'typeof AppComponent' is not assignable to parameter of type '() => Promise<ApplicationRef>'.
  Type 'typeof AppComponent' provides no match for the signature '(): Promise<ApplicationRef>'. [plugin angular-compiler]

    src/main.server.ts:10:20:
      10 │   renderApplication(AppComponent, {
         ╵                     ~~~~~~~~~~~~


❯ Changes detected. Rebuilding...
✔ Changes detected. Rebuilding...
Application bundle generation failed. [0.309 seconds]

✘ [ERROR] TS2345: Argument of type 'typeof AppComponent' is not assignable to parameter of type '() => Promise<ApplicationRef>'.
  Type 'typeof AppComponent' provides no match for the signature '(): Promise<ApplicationRef>'. [plugin angular-compiler]

    src/main.server.ts:10:20:
      10 │   renderApplication(AppComponent, {
         ╵                     ~~~~~~~~~~~~


❯ Changes detected. Rebuilding...
✔ Changes detected. Rebuilding...
Application bundle generation failed. [0.117 seconds]

✘ [ERROR] TS2345: Argument of type 'typeof AppComponent' is not assignable to parameter of type '() => Promise<ApplicationRef>'.
  Type 'typeof AppComponent' provides no match for the signature '(): Promise<ApplicationRef>'. [plugin angular-compiler]

    src/main.server.ts:10:27:
      10 │   return renderApplication(AppComponent, {
         ╵                            ~~~~~~~~~~~~


✘ [ERROR] TS2554: Expected 0 arguments, but got 1. [plugin angular-compiler]

    src/server.ts:30:33:
      30 │     const html = await bootstrap({
         ╵                                  ^


❯ Changes detected. Rebuilding...
✔ Changes detected. Rebuilding...
Application bundle generation failed. [0.643 seconds]

✘ [ERROR] TS2345: Argument of type 'typeof AppComponent' is not assignable to parameter of type '() => Promise<ApplicationRef>'.
  Type 'typeof AppComponent' provides no match for the signature '(): Promise<ApplicationRef>'. [plugin angular-compiler]

    src/main.server.ts:10:27:
      10 │   return renderApplication(AppComponent, {
         ╵                            ~~~~~~~~~~~~


✘ [ERROR] TS2300: Duplicate identifier 'express'. [plugin angular-compiler]

    src/server.ts:1:7:
      1 │ import express from 'express';
        ╵        ~~~~~~~


✘ [ERROR] TS2300: Duplicate identifier 'express'. [plugin angular-compiler]

    src/server.ts:4:7:
      4 │ import express from 'express';
        ╵        ~~~~~~~


✘ [ERROR] TS2322: Type '() => Promise<string>' is not assignable to type 'Type<{}> | (() => Promise<ApplicationRef>) | undefined'.
  Type '() => Promise<string>' is not assignable to type '() => Promise<ApplicationRef>'.
    Type 'Promise<string>' is not assignable to type 'Promise<ApplicationRef>'.
      Type 'string' is not assignable to type 'ApplicationRef'. [plugin angular-compiler]

    src/server.ts:32:6:
      32 │       bootstrap,
         ╵       ~~~~~~~~~

  The expected type comes from property 'bootstrap' which is declared here on type 'CommonEngineRenderOptions'

    node_modules/@angular/ssr/node/index.d.ts:70:4:
      70 │     bootstrap?: Type<{}> | (() => Promise<ApplicationRef>);
         ╵     ~~~~~~~~~


❯ Changes detected. Rebuilding...
✔ Changes detected. Rebuilding...
Application bundle generation failed. [0.226 seconds]

✘ [ERROR] TS2345: Argument of type 'typeof AppComponent' is not assignable to parameter of type '() => Promise<ApplicationRef>'.
  Type 'typeof AppComponent' provides no match for the signature '(): Promise<ApplicationRef>'. [plugin angular-compiler]

    src/main.server.ts:10:27:
      10 │   return renderApplication(AppComponent, {
         ╵                            ~~~~~~~~~~~~


✘ [ERROR] TS2300: Duplicate identifier 'express'. [plugin angular-compiler]

    src/server.ts:1:7:
      1 │ import express from 'express';
        ╵        ~~~~~~~


✘ [ERROR] TS2300: Duplicate identifier 'express'. [plugin angular-compiler]

    src/server.ts:4:7:
      4 │ import express from 'express';
        ╵        ~~~~~~~


✘ [ERROR] TS2322: Type '() => Promise<string>' is not assignable to type 'Type<{}> | (() => Promise<ApplicationRef>) | undefined'.
  Type '() => Promise<string>' is not assignable to type '() => Promise<ApplicationRef>'.
    Type 'Promise<string>' is not assignable to type 'Promise<ApplicationRef>'.
      Type 'string' is not assignable to type 'ApplicationRef'. [plugin angular-compiler]

    src/server.ts:32:6:
      32 │       bootstrap,
         ╵       ~~~~~~~~~

  The expected type comes from property 'bootstrap' which is declared here on type 'CommonEngineRenderOptions'

    node_modules/@angular/ssr/node/index.d.ts:70:4:
      70 │     bootstrap?: Type<{}> | (() => Promise<ApplicationRef>);
         ╵     ~~~~~~~~~


❯ Changes detected. Rebuilding...
✔ Changes detected. Rebuilding...
Application bundle generation failed. [0.191 seconds]

✘ [ERROR] TS2300: Duplicate identifier 'express'. [plugin angular-compiler]

    src/server.ts:1:7:
      1 │ import express from 'express';
        ╵        ~~~~~~~


✘ [ERROR] TS2300: Duplicate identifier 'express'. [plugin angular-compiler]

    src/server.ts:4:7:
      4 │ import express from 'express';
        ╵        ~~~~~~~


❯ Changes detected. Rebuilding...
✔ Changes detected. Rebuilding...
Application bundle generation failed. [0.171 seconds]

✘ [ERROR] TS2300: Duplicate identifier 'express'. [plugin angular-compiler]

    src/server.ts:1:7:
      1 │ import express from 'express';
        ╵        ~~~~~~~


✘ [ERROR] TS2300: Duplicate identifier 'express'. [plugin angular-compiler]

    src/server.ts:6:7:
      6 │ import express from 'express';
        ╵        ~~~~~~~


fatal error: all goroutines are asleep - deadlock!

goroutine 1 [chan receive]:
github.com/evanw/esbuild/internal/helpers.(*ThreadSafeWaitGroup).Wait(...)
	github.com/evanw/esbuild/internal/helpers/waitgroup.go:36
main.runService.func2()
	github.com/evanw/esbuild/cmd/esbuild/service.go:114 +0x51
main.runService(0x1)
	github.com/evanw/esbuild/cmd/esbuild/service.go:160 +0x50c
main.main()
	github.com/evanw/esbuild/cmd/esbuild/main.go:241 +0x9d9

goroutine 7 [chan receive]:
main.runService.func1()
	github.com/evanw/esbuild/cmd/esbuild/service.go:98 +0x45
created by main.runService in goroutine 1
	github.com/evanw/esbuild/cmd/esbuild/service.go:97 +0x1db

goroutine 8 [chan receive]:
main.(*serviceType).sendRequest(0xc000182300, {0x986960, 0xc001688cf0})
	github.com/evanw/esbuild/cmd/esbuild/service.go:192 +0x12b
main.runService.func3()
	github.com/evanw/esbuild/cmd/esbuild/service.go:125 +0x3e
created by main.runService in goroutine 1
	github.com/evanw/esbuild/cmd/esbuild/service.go:122 +0x30d
